LD
R0 = 64, R1 = 0, R2 = 0, R3 = ffec
R4 = 0, R5 = 0, R6 = 0, R7 = 0
COND[NZP] = 100
PC = 3001

ADD
R0 = 64, R1 = 50, R2 = 0, R3 = ffec
R4 = 0, R5 = 0, R6 = 0, R7 = 0
COND[NZP] = 001
PC = 3002

BR
3003
4
R0 = 64, R1 = 50, R2 = 0, R3 = ffec
R4 = 0, R5 = 0, R6 = 0, R7 = 0
COND[NZP] = 001
PC = 3007

LD
R0 = 64, R1 = 50, R2 = 0, R3 = 7f
R4 = 0, R5 = 0, R6 = 0, R7 = 0
COND[NZP] = 001
PC = 3008

AND
R0 = 64, R1 = 50, R2 = 0, R3 = 7f
R4 = 0, R5 = 0, R6 = 0, R7 = 0
COND[NZP] = 001
PC = 3009

LEA
R0 = 64, R1 = 50, R2 = 3023, R3 = 7f
R4 = 0, R5 = 0, R6 = 0, R7 = 0
COND[NZP] = 001
PC = 300a

ADD
R0 = 64, R1 = 50, R2 = 3073, R3 = 7f
R4 = 0, R5 = 0, R6 = 0, R7 = 0
COND[NZP] = 001
PC = 300b

LDR
R0 = 64, R1 = 50, R2 = 3073, R3 = 7f
R4 = 0, R5 = 0, R6 = 0, R7 = 222
COND[NZP] = 001
PC = 300c

TRAP
R0 = 64, R1 = 50, R2 = 3073, R3 = 7f
R4 = 0, R5 = 0, R6 = 0, R7 = 222
COND[NZP] = 001
PC = 0

R0 = 64, R1 = 50, R2 = 3073, R3 = 7f
R4 = 0, R5 = 0, R6 = 0, R7 = 222
COND[NZP] = 001
PC = 0

cycle = 9
